<html>
<body>
<pre>
<h1>µVision Build Log</h1>
<h2>Project:</h2>
E:\USB_Tool(STM32F)\Project\MDK\USB_Tool.uvproj
Project File Date:  01/11/2011

<h2>Output:</h2>
Build target 'Target 1'
assembling STM32F10x.s...
compiling STM32_Init.c...
compiling main.c...
compiling SysTick.c...
compiling Time.c...
compiling cdcuser.c...
compiling usbcore.c...
compiling usbdesc.c...
compiling usbhw.c...
compiling usbuser.c...
compiling serial.c...
..\..\Source\UART\serial.c(435): warning:  #550-D: variable "val" was set but never used
linking...
Program Size: Code=6958 RO-data=522 RW-data=76 ZI-data=1764  
FromELF: creating hex file...
"..\..\Object\USB_Tool.axf" - 0 Error(s), 1 Warning(s).
Build target 'Target 1'
assembling STM32F10x.s...
compiling STM32_Init.c...
compiling main.c...
compiling SysTick.c...
compiling Time.c...
compiling cdcuser.c...
compiling usbcore.c...
compiling usbdesc.c...
compiling usbhw.c...
compiling usbuser.c...
compiling serial.c...
..\..\Source\UART\serial.c(435): warning:  #550-D: variable "val" was set but never used
linking...
Program Size: Code=6958 RO-data=522 RW-data=76 ZI-data=1764  
FromELF: creating hex file...
"..\..\Object\USB_Tool.axf" - 0 Error(s), 1 Warning(s).
Build target 'Target 1'
assembling STM32F10x.s...
compiling STM32_Init.c...
compiling main.c...
compiling SysTick.c...
compiling Time.c...
compiling cdcuser.c...
compiling usbcore.c...
compiling usbdesc.c...
compiling usbhw.c...
compiling usbuser.c...
compiling serial.c...
..\..\Source\UART\serial.c(435): warning:  #550-D: variable "val" was set but never used
linking...
Program Size: Code=6958 RO-data=522 RW-data=76 ZI-data=1764  
FromELF: creating hex file...
"..\..\Object\USB_Tool.axf" - 0 Error(s), 1 Warning(s).
